16:57:38.571 [main] %-Slevel testCases.TC002_LoginTest - ******* Starting login test ********
16:57:40.133 [main] %-Slevel testCases.TC002_LoginTest - ******* Finished login test ********
21:21:14.964 [main] %-Slevel org.testng.internal.Utils - [TestNG] Running:
  C:\Users\vaibz\eclipse-workspace\selenium2\opencart121\Grouping.xml

21:22:25.173 [main] %-Slevel org.testng.internal.Utils - [TestNG] Running:
  C:\Users\vaibz\eclipse-workspace\selenium2\opencart121\Grouping.xml

21:22:36.007 [main] %-Slevel testCases.TC001_AccountRegistrationTest - ******** Starting TC001_AccountRegistrationTest ******
21:22:36.184 [main] %-Slevel testCases.TC001_AccountRegistrationTest - ***clicked on myAccount link***
21:22:36.883 [main] %-Slevel testCases.TC001_AccountRegistrationTest - ***clicked on Register link***
21:22:36.883 [main] %-Slevel testCases.TC001_AccountRegistrationTest - ***providing customer details***
21:22:38.729 [main] %-Slevel testCases.TC001_AccountRegistrationTest - ***validating confirmation messege**
21:22:38.765 [main] %-Slevel testCases.TC001_AccountRegistrationTest - ******** finished TC001_AccountRegistrationTest ******
21:22:43.117 [main] %-Slevel testCases.TC002_LoginTest - ******* Starting login test ********
21:22:44.763 [main] %-Slevel testCases.TC002_LoginTest - ******* Finished login test ********
21:27:48.613 [main] %-Slevel org.testng.internal.Utils - [TestNG] Running:
  C:\Users\vaibz\eclipse-workspace\selenium2\opencart121\Grouping.xml

21:27:58.367 [main] %-Slevel testCases.TC001_AccountRegistrationTest - ******** Starting TC001_AccountRegistrationTest ******
21:27:58.480 [main] %-Slevel testCases.TC001_AccountRegistrationTest - ***clicked on myAccount link***
21:27:58.958 [main] %-Slevel testCases.TC001_AccountRegistrationTest - ***clicked on Register link***
21:27:58.958 [main] %-Slevel testCases.TC001_AccountRegistrationTest - ***providing customer details***
21:28:00.708 [main] %-Slevel testCases.TC001_AccountRegistrationTest - ***validating confirmation messege**
21:28:00.742 [main] %-Slevel testCases.TC001_AccountRegistrationTest - ******** finished TC001_AccountRegistrationTest ******
21:28:05.971 [main] %-Slevel testCases.TC002_LoginTest - ******* Starting login test ********
21:29:30.359 [main] %-Slevel org.testng.internal.Utils - [TestNG] Running:
  C:\Users\vaibz\eclipse-workspace\selenium2\opencart121\Grouping.xml

21:29:36.299 [main] %-Slevel testCases.TC001_AccountRegistrationTest - ******** Starting TC001_AccountRegistrationTest ******
21:29:36.463 [main] %-Slevel testCases.TC001_AccountRegistrationTest - ***clicked on myAccount link***
21:29:37.210 [main] %-Slevel testCases.TC001_AccountRegistrationTest - ***clicked on Register link***
21:29:37.210 [main] %-Slevel testCases.TC001_AccountRegistrationTest - ***providing customer details***
21:29:38.609 [main] %-Slevel testCases.TC001_AccountRegistrationTest - ***validating confirmation messege**
21:29:38.643 [main] %-Slevel testCases.TC001_AccountRegistrationTest - ******** finished TC001_AccountRegistrationTest ******
21:29:44.271 [main] %-Slevel testCases.TC002_LoginTest - ******* Starting login test ********
19:54:51.738 [main] %-Slevel org.testng.internal.Utils - [TestNG] Running:
  C:\Users\vaibz\eclipse-workspace\selenium2\opencart121\testng.xml

19:55:07.515 [main] %-Slevel testCases.TC001_AccountRegistrationTest - ******** Starting TC001_AccountRegistrationTest ******
19:55:07.643 [main] %-Slevel testCases.TC001_AccountRegistrationTest - ***clicked on myAccount link***
19:55:08.353 [main] %-Slevel testCases.TC001_AccountRegistrationTest - ***clicked on Register link***
19:55:08.353 [main] %-Slevel testCases.TC001_AccountRegistrationTest - ***providing customer details***
19:55:10.201 [main] %-Slevel testCases.TC001_AccountRegistrationTest - ***validating confirmation messege**
19:55:10.231 [main] %-Slevel testCases.TC001_AccountRegistrationTest - ******** finished TC001_AccountRegistrationTest ******
19:55:13.137 [main] %-Slevel testCases.TC002_LoginTest - ******* Starting login test ********
19:55:15.637 [main] %-Slevel testCases.TC002_LoginTest - ******* Finished login test ********
19:57:05.944 [main] %-Slevel org.testng.internal.Utils - [TestNG] Running:
  C:\Users\vaibz\eclipse-workspace\selenium2\opencart121\testng.xml

19:57:09.856 [main] %-Slevel testCases.TC001_AccountRegistrationTest - ******** Starting TC001_AccountRegistrationTest ******
19:57:09.949 [main] %-Slevel testCases.TC001_AccountRegistrationTest - ***clicked on myAccount link***
19:57:10.537 [main] %-Slevel testCases.TC001_AccountRegistrationTest - ***clicked on Register link***
19:57:10.537 [main] %-Slevel testCases.TC001_AccountRegistrationTest - ***providing customer details***
19:57:12.127 [main] %-Slevel testCases.TC001_AccountRegistrationTest - ***validating confirmation messege**
19:57:12.165 [main] %-Slevel testCases.TC001_AccountRegistrationTest - ******** finished TC001_AccountRegistrationTest ******
