15:28:41.903 [main] %-Slevel testCases.TC003_loginDDT - ******** starting TC003_loginDDT test********
15:28:52.011 [main] %-Slevel testCases.TC003_loginDDT - ******** starting TC003_loginDDT test********
15:29:06.709 [main] %-Slevel testCases.TC003_loginDDT - ******** finished TC003_loginDDT test********
15:29:06.712 [main] %-Slevel testCases.TC003_loginDDT - ******** starting TC003_loginDDT test********
15:29:14.501 [main] %-Slevel testCases.TC003_loginDDT - ******** finished TC003_loginDDT test********
16:08:52.016 [main] %-Slevel org.testng.internal.Utils - [TestNG] Running:
  C:\Users\vaibz\eclipse-workspace\selenium2\opencart121\src\test\java\testCases\testng.xml

16:08:57.534 [main] %-Slevel testCases.TC003_loginDDT - ******** starting TC003_loginDDT test********
16:08:59.946 [main] %-Slevel testCases.TC003_loginDDT - ******** finished TC003_loginDDT test********
16:08:59.950 [main] %-Slevel testCases.TC003_loginDDT - ******** starting TC003_loginDDT test********
16:09:10.470 [main] %-Slevel testCases.TC003_loginDDT - ******** finished TC003_loginDDT test********
16:09:10.471 [main] %-Slevel testCases.TC003_loginDDT - ******** starting TC003_loginDDT test********
16:09:20.592 [main] %-Slevel testCases.TC003_loginDDT - ******** starting TC003_loginDDT test********
16:09:31.353 [main] %-Slevel testCases.TC003_loginDDT - ******** finished TC003_loginDDT test********
16:09:31.355 [main] %-Slevel testCases.TC003_loginDDT - ******** starting TC003_loginDDT test********
16:09:33.235 [main] %-Slevel testCases.TC003_loginDDT - ******** finished TC003_loginDDT test********
16:26:11.160 [main] %-Slevel org.testng.internal.Utils - [TestNG] Running:
  C:\Users\vaibz\eclipse-workspace\selenium2\opencart121\src\test\java\testCases\testng.xml

16:26:18.773 [main] %-Slevel testCases.TC003_loginDDT - ******** starting TC003_loginDDT test********
16:26:29.547 [main] %-Slevel testCases.TC003_loginDDT - ******** starting TC003_loginDDT test********
16:26:40.156 [main] %-Slevel testCases.TC003_loginDDT - ******** finished TC003_loginDDT test********
16:26:40.158 [main] %-Slevel testCases.TC003_loginDDT - ******** starting TC003_loginDDT test********
16:26:52.629 [main] %-Slevel testCases.TC003_loginDDT - ******** finished TC003_loginDDT test********
16:26:52.631 [main] %-Slevel testCases.TC003_loginDDT - ******** starting TC003_loginDDT test********
16:27:04.217 [main] %-Slevel testCases.TC003_loginDDT - ******** finished TC003_loginDDT test********
16:27:04.219 [main] %-Slevel testCases.TC003_loginDDT - ******** starting TC003_loginDDT test********
16:27:06.722 [main] %-Slevel testCases.TC003_loginDDT - ******** finished TC003_loginDDT test********
16:31:05.100 [main] %-Slevel org.testng.internal.Utils - [TestNG] Running:
  C:\Users\vaibz\eclipse-workspace\selenium2\opencart121\src\test\java\testCases\testng.xml

16:31:10.775 [main] %-Slevel testCases.TC003_loginDDT - ******** starting TC003_loginDDT test********
16:31:12.652 [main] %-Slevel testCases.TC003_loginDDT - ******** finished TC003_loginDDT test********
16:31:12.656 [main] %-Slevel testCases.TC003_loginDDT - ******** starting TC003_loginDDT test********
16:31:23.177 [main] %-Slevel testCases.TC003_loginDDT - ******** finished TC003_loginDDT test********
16:31:23.180 [main] %-Slevel testCases.TC003_loginDDT - ******** starting TC003_loginDDT test********
16:31:33.985 [main] %-Slevel testCases.TC003_loginDDT - ******** finished TC003_loginDDT test********
16:31:33.987 [main] %-Slevel testCases.TC003_loginDDT - ******** starting TC003_loginDDT test********
16:31:45.106 [main] %-Slevel testCases.TC003_loginDDT - ******** finished TC003_loginDDT test********
16:31:45.108 [main] %-Slevel testCases.TC003_loginDDT - ******** starting TC003_loginDDT test********
16:31:47.149 [main] %-Slevel testCases.TC003_loginDDT - ******** finished TC003_loginDDT test********
16:52:44.449 [main] %-Slevel org.testng.internal.Utils - [TestNG] Running:
  C:\Users\vaibz\eclipse-workspace\selenium2\opencart121\Grouping.xml

16:52:49.269 [main] %-Slevel testCases.TC001_AccountRegistrationTest - ******** Starting TC001_AccountRegistrationTest ******
16:52:49.380 [main] %-Slevel testCases.TC001_AccountRegistrationTest - ***clicked on myAccount link***
16:52:50.014 [main] %-Slevel testCases.TC001_AccountRegistrationTest - ***clicked on Register link***
16:52:50.015 [main] %-Slevel testCases.TC001_AccountRegistrationTest - ***providing customer details***
16:52:51.862 [main] %-Slevel testCases.TC001_AccountRegistrationTest - ***validating confirmation messege**
16:52:51.895 [main] %-Slevel testCases.TC001_AccountRegistrationTest - ******** finished TC001_AccountRegistrationTest ******
16:52:56.043 [main] %-Slevel testCases.TC002_LoginTest - ******* Starting login test ********
16:52:57.483 [main] %-Slevel testCases.TC002_LoginTest - ******* Finished login test ********
16:57:34.197 [main] %-Slevel org.testng.internal.Utils - [TestNG] Running:
  C:\Users\vaibz\eclipse-workspace\selenium2\opencart121\Grouping.xml

